<definicija_funkcije> ::= <ime_tipa> IDN(11,f) L_ZAGRADA(11,() KR_VOID(11,void) D_ZAGRADA(11,)) <slozena_naredba>
