<postfiks_izraz> ::= <postfiks_izraz> L_ZAGRADA(3,() D_ZAGRADA(3,))
